<a href="https://localhost" class="btn">
    https://localhost
</a>
