<a href="https://localhost">https://localhost</a>
