<button type="button" id="id" class="">
    
</button>
