<button class="btn btn-block" type="submit">
    https://localhost
</button>
