<textarea
    class="form-control"
    id="id"
    name="name"
    rows="rows"

    >text
</textarea>
