<div class="form-group">
    <label>label</label>
    <textarea
    class="form-control" style="resize: none;"
    id="id"
    name="name"
    rows="rows"

            required
    >text
</textarea>
</div>
