<input id="Input test"
       required=""
       type="text" class="form-control"
       name="Input test"
       value="Input test value"
/>
