<div class="form-group" >
    https://localhost
</div>
