<form  method="POST">
            <input type="hidden" name="_token" value="" autocomplete="off">        
    https://localhost
</form>
