<option key="key" value="value" selected="selected">description</option>
