<div class="form-group" id="" id="">
    <label>label</label>
    <br>
    <label class="position-relative checkbox-label" style="line-height:15px;">
        <input
    class="checkbox-slider slider-icon yesno colored-success"
    type="checkbox"
    id="id"
    name="name"
    data-on="yes" checked
    data-off="no">
        <span class="text"></span>
    </label>
</div>
