<div class="form-group no-margin" style="margin-bottom:10px!important;">
    <span class="input-icon inverted">
        <input
        class="form-control"
        id="id"
        type="type"
        name="id"
        value=""
        placeholder=""

            >
        <input
        class="form-control" data-id="" data-workstation-id="" data-item-group-id="" data-gv-typ="" data-customergroups="" data-short-description="" data-title="" data-price="" data-taxid="" data-taxrate="" data-taxid-oh="" data-taxrate-oh="" data-additional-items="" data-kombi-items="" data-use-access-control="" data-direct-printing="" data-use-side-dishes="" data-quota=""
        id="idHidden"
        type="hidden"
        name="idHidden"
        value=""
        placeholder=""

            >
        <i class="icon"></i>
    </span>
</div>
