<table id="table header id" class="cart table table-bordered table-hover">
    <thead>
        <tr>
            https://localhost
        </tr>
    </thead>
</table>
