<div class="">
            Bitte wÃ¤hlen oder scannen Sie einen Artikel...
    </div>

